{
    "example": {
        "EncryptKey": "xcYD4Ftr2zXebvrJ7ccCfIwOMFtJpBLBr62/9rXyCZk=",
        "MacKey": "CY1D3+ZyelyFZlXZPidWNjcJqAleyUtGWBNKoA9vbOM="
    }
}
